VOLATILE	V O L A T I L E |
1	1 |
1000	1 0 0 0 |
17	1 7 |
1990S	1 9 9 0 S |
2	2 |
20	2 0 |
2014	2 0 1 4 |
21ST	2 1 S T |
250	2 5 0 |
2500	2 5 0 0 |
300	3 0 0 |
31	3 1 |
4000	4 0 0 0 |
50	5 0 |
75	7 5 |
A	A |
ABBOTT	A B B O T T |
ABILITY	A B I L I T Y |
ABLE	A B L E |
ABOUT	A B O U T |
ABSOLUTELY	A B S O L U T E L Y |
ABUNDANT	A B U N D A N T |
ACCEPT	A C C E P T |
ACHIEVABLE	A C H I E V A B L E |
ACROSS	A C R O S S |
ACTING	A C T I N G |
ACTIONS	A C T I O N S |
ACTIVIST	A C T I V I S T |
ACTORS	A C T O R S |
ACTUALLY	A C T U A L L Y |
ADJUSTMENTS	A D J U S T M E N T S |
ADVANCES	A D V A N C E S |
ADVOCATE	A D V O C A T E |
AFRAID	A F R A I D |
AFTER	A F T E R |
AGAIN	A G A I N |
AGAINST	A G A I N S T |
AGE	A G E |
AGING	A G I N G |
AGO	A G O |
AGREE	A G R E E |
ALARMED	A L A R M E D |
ALL	A L L |
ALLOWS	A L L O W S |
ALMOST	A L M O S T |
ALONE	A L O N E |
ALONG	A L O N G |
ALREADY	A L R E A D Y |
ALSO	A L S O |
ALWAYS	A L W A Y S |
AM	A M |
AMAZING	A M A Z I N G |
AMBASSADORS	A M B A S S A D O R S |
AMERICAN	A M E R I C A N |
AN	A N |
AND	A N D |
ANOTHER	A N O T H E R |
ANSWER	A N S W E R |
ANTIBIOTIC	A N T I B I O T I C |
ANTIBIOTICS	A N T I B I O T I C S |
ANY	A N Y |
ANYMORE	A N Y M O R E |
ANYONE	A N Y O N E |
ANYTHING	A N Y T H I N G |
APART	A P A R T |
APPARENTLY	A P P A R E N T L Y |
APPLYING	A P P L Y I N G |
APPROACH	A P P R O A C H |
APPS	A P P S |
APRIL	A P R I L |
ARCH	A R C H |
ARE	A R E |
AREN'T	A R E N ' T |
ARLINGTON'S	A R L I N G T O N ' S |
AROUND	A R O U N D |
ARTICLE	A R T I C L E |
ARTIST	A R T I S T |
ARTS	A R T S |
AS	A S |
ASK	A S K |
ASKED	A S K E D |
ASKING	A S K I N G |
ASSOCIATION	A S S O C I A T I O N |
ASSUMED	A S S U M E D |
AT	A T |
ATTENTION	A T T E N T I O N |
AUSTRALIAN	A U S T R A L I A N |
AUTHORS	A U T H O R S |
AWARE	A W A R E |
AWAY	A W A Y |
AWESOME	A W E S O M E |
BABIES	B A B I E S |
BABY	B A B Y |
BACK	B A C K |
BAG	B A G |
BARACK	B A R A C K |
BARR	B A R R |
BASED	B A S E D |
BASICALLY	B A S I C A L L Y |
BATHROOM	B A T H R O O M |
BE	B E |
BEAUTIFUL	B E A U T I F U L |
BECAME	B E C A M E |
BECAUSE	B E C A U S E |
BECOME	B E C O M E |
BEE	B E E |
BEEN	B E E N |
BEFORE	B E F O R E |
BEHAVIOR	B E H A V I O R |
BEHAVIORS	B E H A V I O R S |
BEING	B E I N G |
BELIEF	B E L I E F |
BELIEVE	B E L I E V E |
BETTER	B E T T E R |
BETWEEN	B E T W E E N |
BEYOND	B E Y O N D |
BIASED	B I A S E D |
BIG	B I G |
BIKE	B I K E |
BIOLOGY	B I O L O G Y |
BIRDS	B I R D S |
BLINDNESS	B L I N D N E S S |
BLOOD	B L O O D |
BOAT	B O A T |
BOLDER	B O L D E R |
BOMB	B O M B |
BONDING	B O N D I N G |
BOOK	B O O K |
BORROW	B O R R O W |
BOUND	B O U N D |
BOWLER	B O W L E R |
BOYS	B O Y S |
BRAIN	B R A I N |
BRING	B R I N G |
BRINGING	B R I N G I N G |
BROUGHT	B R O U G H T |
BUDGET	B U D G E T |
BUILDING	B U I L D I N G |
BURN	B U R N |
BURNT	B U R N T |
BUSH	B U S H |
BUSH'S	B U S H ' S |
BUSINESS	B U S I N E S S |
BUT	B U T |
BUY	B U Y |
BUYS	B U Y S |
BY	B Y |
CALCULATIONS	C A L C U L A T I O N S |
CALENDAR	C A L E N D A R |
CALL	C A L L |
CALLED	C A L L E D |
CALLING	C A L L I N G |
CALLS	C A L L S |
CAME	C A M E |
CAN	C A N |
CAN'T	C A N ' T |
CANCER	C A N C E R |
CANOES	C A N O E S |
CAPITALIZING	C A P I T A L I Z I N G |
CAR	C A R |
CAROL	C A R O L |
CARVED	C A R V E D |
CASE	C A S E |
CATHEDRAL	C A T H E D R A L |
CATTLE	C A T T L E |
CAUSES	C A U S E S |
CAVE	C A V E |
CAYMAN	C A Y M A N |
CELEBRATE	C E L E B R A T E |
CENTURY	C E N T U R Y |
CHANGE	C H A N G E |
CHANGED	C H A N G E D |
CHANGER	C H A N G E R |
CHAPTER	C H A P T E R |
CHECK	C H E C K |
CHECKED	C H E C K E D |
CHEMICAL	C H E M I C A L |
CHEROKEE	C H E R O K E E |
CHIEF	C H I E F |
CHILD	C H I L D |
CHILDREN	C H I L D R E N |
CHIMPANZEE	C H I M P A N Z E E |
CHINA	C H I N A |
CHINESE	C H I N E S E |
CHOICE	C H O I C E |
CIRCLE	C I R C L E |
CITY	C I T Y |
CLASS	C L A S S |
CLASSIC	C L A S S I C |
CLEAN	C L E A N |
CLEARLY	C L E A R L Y |
CLOSE	C L O S E |
CLOTH	C L O T H |
COEVOLUTION	C O E V O L U T I O N |
COLUMBINE	C O L U M B I N E |
COME	C O M E |
COMES	C O M E S |
COMING	C O M I N G |
COMMUNITY	C O M M U N I T Y |
COMPANY	C O M P A N Y |
COMPARISON	C O M P A R I S O N |
COMPELLING	C O M P E L L I N G |
COMPOSER	C O M P O S E R |
COMPOUNDS	C O M P O U N D S |
CONCERNED	C O N C E R N E D |
CONCRETE	C O N C R E T E |
CONNECT	C O N N E C T |
CONNECTING	C O N N E C T I N G |
CONNECTIONS	C O N N E C T I O N S |
CONSUME	C O N S U M E |
CONSUMPTION	C O N S U M P T I O N |
CONTENT	C O N T E N T |
CONTEXT	C O N T E X T |
CONTINUE	C O N T I N U E |
CONTRADICTION	C O N T R A D I C T I O N |
CONTROVERSY	C O N T R O V E R S Y |
CONVERSATIONAL	C O N V E R S A T I O N A L |
COOL	C O O L |
COORDINATION	C O O R D I N A T I O N |
COPE	C O P E |
COULD	C O U L D |
COUNTERINTUITIVE	C O U N T E R I N T U I T I V E |
COUNTRY	C O U N T R Y |
COUPLE	C O U P L E |
COUPLES	C O U P L E S |
COURSE	C O U R S E |
COVERAGE	C O V E R A G E |
COWBOYS	C O W B O Y S |
CRAZY	C R A Z Y |
CREATION	C R E A T I O N |
CREATIVE	C R E A T I V E |
CREATORS	C R E A T O R S |
CREATURES	C R E A T U R E S |
CRIMEA	C R I M E A |
CULTURE	C U L T U R E |
CURVATURE	C U R V A T U R E |
DAD	D A D |
DAIRY	D A I R Y |
DAMON	D A M O N |
DAY	D A Y |
DAYS	D A Y S |
DEAL	D E A L |
DEATH	D E A T H |
DEBATE	D E B A T E |
DEBRIS	D E B R I S |
DECAY	D E C A Y |
DECISION	D E C I S I O N |
DECLARED	D E C L A R E D |
DECLINE	D E C L I N E |
DEGREE	D E G R E E |
DELI	D E L I |
DEMOCRACY	D E M O C R A C Y |
DESIGNED	D E S I G N E D |
DESIGNING	D E S I G N I N G |
DESTROY	D E S T R O Y |
DETECT	D E T E C T |
DEVELOPER	D E V E L O P E R |
DICTIONARY	D I C T I O N A R Y |
DID	D I D |
DIDN'T	D I D N ' T |
DIFFERENCE	D I F F E R E N C E |
DIFFERENT	D I F F E R E N T |
DIFFICULT	D I F F I C U L T |
DIRECTLY	D I R E C T L Y |
DIRECTOR	D I R E C T O R |
DISAPPOINT	D I S A P P O I N T |
DISPLACEMENT	D I S P L A C E M E N T |
DISREGARDED	D I S R E G A R D E D |
DISTORTS	D I S T O R T S |
DIVORCE	D I V O R C E |
DO	D O |
DOC	D O C |
DOESN	D O E S N |
DOESN'T	D O E S N ' T |
DOGS	D O G S |
DOING	D O I N G |
DON	D O N |
DON'T	D O N ' T |
DOWN	D O W N |
DR	D R |
DRAMATICALLY	D R A M A T I C A L L Y |
DRESS	D R E S S |
DRESSING	D R E S S I N G |
DRIVER	D R I V E R |
DROPPED	D R O P P E D |
DRUG	D R U G |
DRUGS	D R U G S |
DRUNK	D R U N K |
DUGOUT	D U G O U T |
DWECK'S	D W E C K ' S |
EACH	E A C H |
EARLY	E A R L Y |
EARTH	E A R T H |
EAST	E A S T |
ECONOMISTS	E C O N O M I S T S |
EDIT	E D I T |
EDUCATION	E D U C A T I O N |
EITHER	E I T H E R |
ELDERLY	E L D E R L Y |
ELDERS	E L D E R S |
ELEMENTS	E L E M E N T S |
ELEVATE	E L E V A T E |
ELLEN	E L L E N |
ELSE	E L S E |
ELSE'S	E L S E ' S |
EMBARRASSMENT	E M B A R R A S S M E N T |
EMISSIONS	E M I S S I O N S |
ENABLE	E N A B L E |
ENCOURAGING	E N C O U R A G I N G |
ENDED	E N D E D |
ENERGY	E N E R G Y |
ENGAGE	E N G A G E |
ENGAGED	E N G A G E D |
ENGINEERS	E N G I N E E R S |
ENGLISH	E N G L I S H |
ENOUGH	E N O U G H |
ENTERING	E N T E R I N G |
ENTERTAINMENT	E N T E R T A I N M E N T |
ENTIRE	E N T I R E |
ENTITLED	E N T I T L E D |
ENTROPY	E N T R O P Y |
ENVIRONMENT	E N V I R O N M E N T |
ENVIRONMENTS	E N V I R O N M E N T S |
EQUIPPED	E Q U I P P E D |
EVALUATING	E V A L U A T I N G |
EVEN	E V E N |
EVER	E V E R |
EVEREST	E V E R E S T |
EVERYBODY'S	E V E R Y B O D Y ' S |
EVERYONE	E V E R Y O N E |
EVERYTHING	E V E R Y T H I N G |
EVERYWHERE	E V E R Y W H E R E |
EVOLVED	E V O L V E D |
EXACTLY	E X A C T L Y |
EXAMINE	E X A M I N E |
EXAMPLE	E X A M P L E |
EXCITED	E X C I T E D |
EXCITEMENT	E X C I T E M E N T |
EXECUTIVE	E X E C U T I V E |
EXERCISE	E X E R C I S E |
EXISTING	E X I S T I N G |
EXPERIENCES	E X P E R I E N C E S |
EXPERIENCING	E X P E R I E N C I N G |
EXPERTS	E X P E R T S |
EXPOSED	E X P O S E D |
FACT	F A C T |
FAILED	F A I L E D |
FALLS	F A L L S |
FAMILY	F A M I L Y |
FANCY	F A N C Y |
FASTER	F A S T E R |
FAX	F A X |
FEBRUARY	F E B R U A R Y |
FEED	F E E D |
FEELINGS	F E E L I N G S |
FELT	F E L T |
FEMALE	F E M A L E |
FEW	F E W |
FIELD	F I E L D |
FIGHTING	F I G H T I N G |
FIGURE	F I G U R E |
FIND	F I N D |
FIRMS	F I R M S |
FIRST	F I R S T |
FITTEST	F I T T E S T |
FITTINGLY	F I T T I N G L Y |
FIVE	F I V E |
FLOORS	F L O O R S |
FLUMMOXED	F L U M M O X E D |
FLYING	F L Y I N G |
FOLKS	F O L K S |
FOLLOWING	F O L L O W I N G |
FOOD	F O O D |
FOOL	F O O L |
FOOLS	F O O L S |
FOR	F O R |
FORCED	F O R C E D |
FOREVER	F O R E V E R |
FORGIVE	F O R G I V E |
FORGOT	F O R G O T |
FORTE	F O R T E |
FOUND	F O U N D |
FOUNDERS	F O U N D E R S |
FOX	F O X |
FOXES	F O X E S |
FRAMING	F R A M I N G |
FRESH	F R E S H |
FRIEND	F R I E N D |
FRIENDS	F R I E N D S |
FROM	F R O M |
FRONT	F R O N T |
FULFILL	F U L F I L L |
FUN	F U N |
FUTURE	F U T U R E |
GAME	G A M E |
GAS	G A S |
GATHER	G A T H E R |
GELS	G E L S |
GENDER	G E N D E R |
GENERAL	G E N E R A L |
GERMAN	G E R M A N |
GERMANY	G E R M A N Y |
GET	G E T |
GETS	G E T S |
GETTING	G E T T I N G |
GIFT	G I F T |
GIRL	G I R L |
GIVE	G I V E |
GIVES	G I V E S |
GIZ	G I Z |
GLASSES	G L A S S E S |
GO	G O |
GOING	G O I N G |
GOLDBERG	G O L D B E R G |
GONE	G O N E |
GOOD	G O O D |
GOOGLE	G O O G L E |
GOSH	G O S H |
GOT	G O T |
GRANDIOSE	G R A N D I O S E |
GREAT	G R E A T |
GREATEST	G R E A T E S T |
GREENHOUSE	G R E E N H O U S E |
GREW	G R E W |
GROUNDWATER	G R O U N D W A T E R |
GROUP	G R O U P |
GUIDELINES	G U I D E L I N E S |
GUY	G U Y |
HAD	H A D |
HAIR	H A I R |
HAPPEN	H A P P E N |
HAPPENED	H A P P E N E D |
HAPPENS	H A P P E N S |
HAPPINESS	H A P P I N E S S |
HAPPY	H A P P Y |
HARD	H A R D |
HARM	H A R M |
HAS	H A S |
HATCH	H A T C H |
HAVE	H A V E |
HAVEN'T	H A V E N ' T |
HE	H E |
HE'D	H E ' D |
HEAD	H E A D |
HEALTHY	H E A L T H Y |
HELP	H E L P |
HER	H E R |
HERE	H E R E |
HERE'S	H E R E ' S |
HERO	H E R O |
HEY	H E Y |
HIGH	H I G H |
HIM	H I M |
HIS	H I S |
HISTORY	H I S T O R Y |
HOLD	H O L D |
HOLOGRAPHIC	H O L O G R A P H I C |
HOLY	H O L Y |
HOME	H O M E |
HOMES	H O M E S |
HONAM	H O N A M |
HONEST	H O N E S T |
HOPEFULLY	H O P E F U L L Y |
HOPES	H O P E S |
HORSE	H O R S E |
HOW	H O W |
HUGE	H U G E |
HUMAN	H U M A N |
HUSBAND	H U S B A N D |
I	I |
I'D	I ' D |
I'LL	I ' L L |
I'M	I ' M |
I'VE	I ' V E |
IDEA	I D E A |
IDEAS	I D E A S |
IDENTIFY	I D E N T I F Y |
IF	I F |
IMAGINE	I M A G I N E |
IMMIGRATION	I M M I G R A T I O N |
IMPACT	I M P A C T |
IMPORTANT	I M P O R T A N T |
IMPULSE	I M P U L S E |
IN	I N |
INCENTIVIZE	I N C E N T I V I Z E |
INCREASE	I N C R E A S E |
INCREDIBLE	I N C R E D I B L E |
INDIAN	I N D I A N |
INDIRECT	I N D I R E C T |
INFLUENCES	I N F L U E N C E S |
INFORMATION	I N F O R M A T I O N |
INJECTION	I N J E C T I O N |
INSIDE	I N S I D E |
INSPIRED	I N S P I R E D |
INSTALLED	I N S T A L L E D |
INSTITUTIONS	I N S T I T U T I O N S |
INTENTIONALLY	I N T E N T I O N A L L Y |
INTERACT	I N T E R A C T |
INTERACTIVE	I N T E R A C T I V E |
INTERDEPENDENCY	I N T E R D E P E N D E N C Y |
INTEREST	I N T E R E S T |
INTERESTED	I N T E R E S T E D |
INTERESTING	I N T E R E S T I N G |
INTERNET	I N T E R N E T |
INTO	I N T O |
INVADE	I N V A D E |
INVESTED	I N V E S T E D |
INVESTORS	I N V E S T O R S |
INVITED	I N V I T E D |
IPAD	I P A D |
IRAN	I R A N |
IS	I S |
ISLANDS	I S L A N D S |
ISN'T	I S N ' T |
ISSUES	I S S U E S |
IT	I T |
IT'S	I T ' S |
ITALIAN	I T A L I A N |
ITS	I T S |
JESUS	J E S U S |
JOB	J O B |
JUDGE	J U D G E |
JUST	J U S T |
JUSTICE	J U S T I C E |
KARMAPA	K A R M A P A |
KEEP	K E E P |
KEEPER	K E E P E R |
KEEPS	K E E P S |
KEY	K E Y |
KID	K I D |
KID'S	K I D ' S |
KIDS	K I D S |
KIND	K I N D |
KINDS	K I N D S |
KNOW	K N O W |
KNOWING	K N O W I N G |
KNOWLEDGE	K N O W L E D G E |
KNOWN	K N O W N |
KNOWS	K N O W S |
LAB	L A B |
LABELING	L A B E L I N G |
LANDMARKS	L A N D M A R K S |
LANDS	L A N D S |
LANGUAGE	L A N G U A G E |
LANGUAGES	L A N G U A G E S |
LARVAE	L A R V A E |
LAST	L A S T |
LATE	L A T E |
LEADERS	L E A D E R S |
LEARN	L E A R N |
LEARNED	L E A R N E D |
LEARNING	L E A R N I N G |
LEAST	L E A S T |
LEAVING	L E A V I N G |
LEFT	L E F T |
LESSONS	L E S S O N S |
LET	L E T |
LET'S	L E T ' S |
LIBYA	L I B Y A |
LIFE	L I F E |
LIKE	L I K E |
LIKELY	L I K E L Y |
LIMIT	L I M I T |
LIMITED	L I M I T E D |
LINGUISTIC	L I N G U I S T I C |
LITTLE	L I T T L E |
LIVE	L I V E |
LIVES	L I V E S |
LOCAL	L O C A L |
LONG	L O N G |
LONGER	L O N G E R |
LOOK	L O O K |
LOOKING	L O O K I N G |
LOSING	L O S I N G |
LOSS	L O S S |
LOT	L O T |
LOVE	L O V E |
LOWER	L O W E R |
M	M |
MACHINE	M A C H I N E |
MADE	M A D E |
MAINSTREAM	M A I N S T R E A M |
MAKE	M A K E |
MAKERS	M A K E R S |
MAKES	M A K E S |
MAKING	M A K I N G |
MALE	M A L E |
MANKIND	M A N K I N D |
MANURE	M A N U R E |
MANY	M A N Y |
MAPPING	M A P P I N G |
MARINES	M A R I N E S |
MARKET	M A R K E T |
MARKETING	M A R K E T I N G |
MARKETS	M A R K E T S |
MARSHALL	M A R S H A L L |
MASTER'S	M A S T E R ' S |
MATH	M A T H |
MATHEMATICS	M A T H E M A T I C S |
MATTER	M A T T E R |
MAY	M A Y |
MAYBE	M A Y B E |
ME	M E |
MEAN	M E A N |
MEANS	M E A N S |
MEANT	M E A N T |
MEASURE	M E A S U R E |
MEASUREMENT	M E A S U R E M E N T |
MEAT	M E A T |
MEDICINES	M E D I C I N E S |
MEDIEVAL	M E D I E V A L |
MEDIOCRE	M E D I O C R E |
MEET	M E E T |
MEME	M E M E |
MEN	M E N |
MENTALITY	M E N T A L I T Y |
MENTION	M E N T I O N |
MET	M E T |
MIGHT	M I G H T |
MILES	M I L E S |
MILLENNIAL	M I L L E N N I A L |
MILLION	M I L L I O N |
MILLIONS	M I L L I O N S |
MINDSET	M I N D S E T |
MINE	M I N E |
MINUS	M I N U S |
MISCOMMUNICATION	M I S C O M M U N I C A T I O N |
MISSION	M I S S I O N |
MODEL	M O D E L |
MODERN	M O D E R N |
MOLD	M O L D |
MOM	M O M |
MOMENT	M O M E N T |
MONEY	M O N E Y |
MORALE	M O R A L E |
MORE	M O R E |
MORRISON	M O R R I S O N |
MORTARS	M O R T A R S |
MOSES	M O S E S |
MOST	M O S T |
MOTION	M O T I O N |
MOUNT	M O U N T |
MOUNTING	M O U N T I N G |
MOVES	M O V E S |
MOVING	M O V I N G |
MR	M R |
MUCH	M U C H |
MULTICULTURAL	M U L T I C U L T U R A L |
MULTIPLIER	M U L T I P L I E R |
MUSICIANS	M U S I C I A N S |
MUST	M U S T |
MY	M Y |
MYSELF	M Y S E L F |
MYSTERY	M Y S T E R Y |
NAIVE	N A I V E |
NAKED	N A K E D |
NAMASTE	N A M A S T E |
NATHANIEL	N A T H A N I E L |
NATIVE	N A T I V E |
NATURE	N A T U R E |
NEED	N E E D |
NEEDED	N E E D E D |
NEVER	N E V E R |
NEW	N E W |
NEXT	N E X T |
NICE	N I C E |
NO	N O |
NOBODY	N O B O D Y |
NONE	N O N E |
NORDEN	N O R D E N |
NOT	N O T |
NOTE	N O T E |
NOTHING	N O T H I N G |
NOTICE	N O T I C E |
NOTICED	N O T I C E D |
NOTION	N O T I O N |
NOW	N O W |
NUMBER	N U M B E R |
NUMBERS	N U M B E R S |
OBVIOUS	O B V I O U S |
OCEAN	O C E A N |
OF	O F |
OFF	O F F |
OFFICE	O F F I C E |
OFFICER	O F F I C E R |
OFTEN	O F T E N |
OH	O H |
OK	O K |
OLD	O L D |
ON	O N |
ONCE	O N C E |
ONE	O N E |
ONESELF	O N E S E L F |
ONLINE	O N L I N E |
ONLY	O N L Y |
ONTO	O N T O |
OPEN	O P E N |
OPPOSITE	O P P O S I T E |
OPPOSITIONAL	O P P O S I T I O N A L |
OR	O R |
ORDER	O R D E R |
ORGANIC	O R G A N I C |
ORGANIZATION	O R G A N I Z A T I O N |
ORGANIZER	O R G A N I Z E R |
ORIGINATE	O R I G I N A T E |
OTHER	O T H E R |
OUR	O U R |
OURSELVES	O U R S E L V E S |
OUT	O U T |
OUTCOMES	O U T C O M E S |
OVER	O V E R |
OVERCOME	O V E R C O M E |
PAGE	P A G E |
PARENTS	P A R E N T S |
PARTIAL	P A R T I A L |
PARTICIPATION	P A R T I C I P A T I O N |
PARTICULARLY	P A R T I C U L A R L Y |
PARTIES	P A R T I E S |
PARTNER	P A R T N E R |
PAST	P A S T |
PATH	P A T H |
PATIENTS	P A T I E N T S |
PAY	P A Y |
PEDERSON	P E D E R S O N |
PEER	P E E R |
PEOPLE	P E O P L E |
PEOPLE'S	P E O P L E ' S |
PERSON	P E R S O N |
PERSONALLY	P E R S O N A L L Y |
PHILOSOPHY	P H I L O S O P H Y |
PHONE	P H O N E |
PHYSICIAN	P H Y S I C I A N |
PICASSO	P I C A S S O |
PICTURES	P I C T U R E S |
PIECE	P I E C E |
PILE	P I L E |
PLACE	P L A C E |
PLAINLY	P L A I N L Y |
PLANE	P L A N E |
PLANET	P L A N E T |
PLANNED	P L A N N E D |
PLATO'S	P L A T O ' S |
PLAY	P L A Y |
PLEASE	P L E A S E |
POEM	P O E M |
POINT	P O I N T |
POISON	P O I S O N |
POLES	P O L E S |
POLICE	P O L I C E |
POLICY	P O L I C Y |
POLITICAL	P O L I T I C A L |
POLITICS	P O L I T I C S |
POLLUTANTS	P O L L U T A N T S |
POOR	P O O R |
POPULATION	P O P U L A T I O N |
POSSIBLE	P O S S I B L E |
POSSIBLY	P O S S I B L Y |
POST	P O S T |
POSTED	P O S T E D |
POTATO	P O T A T O |
POVERTY	P O V E R T Y |
PRACTICAL	P R A C T I C A L |
PRECISE	P R E C I S E |
PRESS	P R E S S |
PRETTY	P R E T T Y |
PROBLEM	P R O B L E M |
PROBLEMS	P R O B L E M S |
PROCUREMENT	P R O C U R E M E N T |
PRODUCE	P R O D U C E |
PRODUCERS	P R O D U C E R S |
PRODUCTIVITY	P R O D U C T I V I T Y |
PRODUCTS	P R O D U C T S |
PROFESSOR	P R O F E S S O R |
PROGRAM	P R O G R A M |
PROGRESS	P R O G R E S S |
PROJECT	P R O J E C T |
PRONE	P R O N E |
PROPOSITION	P R O P O S I T I O N |
PROTEINS	P R O T E I N S |
PSYCHOLOGY	P S Y C H O L O G Y |
PUBLIC	P U B L I C |
PURE	P U R E |
PURSUE	P U R S U E |
PUT	P U T |
PYRAMID	P Y R A M I D |
QUARTER	Q U A R T E R |
QUESTION	Q U E S T I O N |
QUESTIONS	Q U E S T I O N S |
QUITE	Q U I T E |
QUOTE	Q U O T E |
QUOTES	Q U O T E S |
RACE	R A C E |
RAISE	R A I S E |
RAN	R A N |
RANCH	R A N C H |
RAPE	R A P E |
RARELY	R A R E L Y |
RAT	R A T |
RATES	R A T E S |
RE	R E |
REACH	R E A C H |
REACHES	R E A C H E S |
READ	R E A D |
READER	R E A D E R |
READILY	R E A D I L Y |
REAL	R E A L |
REALITY	R E A L I T Y |
REALLY	R E A L L Y |
REASON	R E A S O N |
REASONS	R E A S O N S |
RECOVERIES	R E C O V E R I E S |
REFERRING	R E F E R R I N G |
REFORMS	R E F O R M S |
REFUGEES	R E F U G E E S |
REGARD	R E G A R D |
REGULARLY	R E G U L A R L Y |
REJECT	R E J E C T |
RELATIONSHIP	R E L A T I O N S H I P |
RELATIONSHIPS	R E L A T I O N S H I P S |
RELATIVE	R E L A T I V E |
RELATIVELY	R E L A T I V E L Y |
RELIGIOUS	R E L I G I O U S |
RELY	R E L Y |
REMEMBER	R E M E M B E R |
REMIND	R E M I N D |
REPORT	R E P O R T |
RERUN	R E R U N |
RESEARCH	R E S E A R C H |
RESEARCHERS	R E S E A R C H E R S |
RESOLVE	R E S O L V E |
RESOURCES	R E S O U R C E S |
RESPONSIBLE	R E S P O N S I B L E |
REST	R E S T |
RESULT	R E S U L T |
RETURN	R E T U R N |
RICH	R I C H |
RID	R I D |
RIDE	R I D E |
RIGHT	R I G H T |
RIGIDLY	R I G I D L Y |
RIPPING	R I P P I N G |
RISKED	R I S K E D |
RIVERS	R I V E R S |
ROBERT	R O B E R T |
ROCKETS	R O C K E T S |
ROMANTIC	R O M A N T I C |
ROSEANNE	R O S E A N N E |
ROW	R O W |
ROYAL	R O Y A L |
RUNNING	R U N N I N G |
RUNS	R U N S |
RURAL	R U R A L |
RUSSIA	R U S S I A |
S	S |
SAID	S A I D |
SAIL	S A I L |
SAME	S A M E |
SAMPLE	S A M P L E |
SAY	S A Y |
SAYING	S A Y I N G |
SAYS	S A Y S |
SCHOLAR	S C H O L A R |
SCHOOL	S C H O O L |
SCHOOLS	S C H O O L S |
SCHUMANN	S C H U M A N N |
SCIENCE	S C I E N C E |
SCREENS	S C R E E N S |
SEAN	S E A N |
SEARCH	S E A R C H |
SECOND	S E C O N D |
SEDUCTIVE	S E D U C T I V E |
SEE	S E E |
SEEPS	S E E P S |
SEND	S E N D |
SENSE	S E N S E |
SENSORS	S E N S O R S |
SENT	S E N T |
SEPARATED	S E P A R A T E D |
SET	S E T |
SETUP	S E T U P |
SEX	S E X |
SHADOWS	S H A D O W S |
SHARED	S H A R E D |
SHARING	S H A R I N G |
SHARK	S H A R K |
SHE	S H E |
SHIFT	S H I F T |
SHOULD	S H O U L D |
SHOWN	S H O W N |
SHOWS	S H O W S |
SHUDDERS	S H U D D E R S |
SIDE	S I D E |
SIGHT	S I G H T |
SIGNIFICANT	S I G N I F I C A N T |
SILICON	S I L I C O N |
SIMON'S	S I M O N ' S |
SIMPLER	S I M P L E R |
SINCE	S I N C E |
SISTER	S I S T E R |
SKID	S K I D |
SKILLS	S K I L L S |
SKULL	S K U L L |
SKYPE	S K Y P E |
SLAMMED	S L A M M E D |
SLIME	S L I M E |
SO	S O |
SOCIAL	S O C I A L |
SOCIETIES	S O C I E T I E S |
SOLID	S O L I D |
SOLUTION	S O L U T I O N |
SOLVE	S O L V E |
SOME	S O M E |
SOMEBODY	S O M E B O D Y |
SOMEONE	S O M E O N E |
SOMETHING	S O M E T H I N G |
SOMETIMES	S O M E T I M E S |
SOMEWHAT	S O M E W H A T |
SORT	S O R T |
SOUGHT	S O U G H T |
SOUTH	S O U T H |
SOVEREIGN	S O V E R E I G N |
SPACE	S P A C E |
SPEAKERS	S P E A K E R S |
SPECIAL	S P E C I A L |
SPECIALIZES	S P E C I A L I Z E S |
SPECIFICALLY	S P E C I F I C A L L Y |
STAKE	S T A K E |
START	S T A R T |
STARTED	S T A R T E D |
STARTS	S T A R T S |
STATE	S T A T E |
STATISTIC	S T A T I S T I C |
STAYED	S T A Y E D |
STILL	S T I L L |
STOCK	S T O C K |
STOCKS	S T O C K S |
STOIC	S T O I C |
STOP	S T O P |
STORY	S T O R Y |
STRANGE	S T R A N G E |
STREET	S T R E E T |
STRENGTH	S T R E N G T H |
STRONG	S T R O N G |
STRUGGLE	S T R U G G L E |
STUCKNESS	S T U C K N E S S |
STUDENTS	S T U D E N T S |
STUDY	S T U D Y |
STUFF	S T U F F |
SUCCESS	S U C C E S S |
SUCH	S U C H |
SUGGEST	S U G G E S T |
SUPERMARKET	S U P E R M A R K E T |
SUPPLY	S U P P L Y |
SURE	S U R E |
SURFACES	S U R F A C E S |
SURVIVE	S U R V I V E |
SURVIVED	S U R V I V E D |
SWITCH	S W I T C H |
SYMMETRY	S Y M M E T R Y |
SYMPHONY	S Y M P H O N Y |
SYRIAN	S Y R I A N |
SYSTEM	S Y S T E M |
T	T |
TABLE	T A B L E |
TAHITI	T A H I T I |
TAKE	T A K E |
TAKES	T A K E S |
TALK	T A L K |
TALKING	T A L K I N G |
TANKS	T A N K S |
TAX	T A X |
TEACHER	T E A C H E R |
TEACHING	T E A C H I N G |
TEAM	T E A M |
TECHNICALITIES	T E C H N I C A L I T I E S |
TECHNOLOGY	T E C H N O L O G Y |
TEDGLOBAL	T E D G L O B A L |
TELEVISION	T E L E V I S I O N |
TELL	T E L L |
TEN	T E N |
TERM	T E R M |
TERMS	T E R M S |
TERRITORY	T E R R I T O R Y |
TERRY	T E R R Y |
TEXT	T E X T |
TEXTBOOK	T E X T B O O K |
TEXTS	T E X T S |
THAN	T H A N |
THAT	T H A T |
THAT'S	T H A T ' S |
THE	T H E |
THEIR	T H E I R |
THEM	T H E M |
THEMSELVES	T H E M S E L V E S |
THEN	T H E N |
THEORETICAL	T H E O R E T I C A L |
THERE	T H E R E |
THERE'S	T H E R E ' S |
THESE	T H E S E |
THEY	T H E Y |
THEY'LL	T H E Y ' L L |
THEY'RE	T H E Y ' R E |
THICKNESS	T H I C K N E S S |
THING	T H I N G |
THINGS	T H I N G S |
THINK	T H I N K |
THINKING	T H I N K I N G |
THIRD	T H I R D |
THIRDLY	T H I R D L Y |
THIS	T H I S |
THOSE	T H O S E |
THOUGH	T H O U G H |
THOUGHT	T H O U G H T |
THREE	T H R E E |
THROUGH	T H R O U G H |
THROWING	T H R O W I N G |
TILES	T I L E S |
TIME	T I M E |
TIMES	T I M E S |
TO	T O |
TODAY	T O D A Y |
TOGETHER	T O G E T H E R |
TOLD	T O L D |
TONI	T O N I |
TONIGHT	T O N I G H T |
TOO	T O O |
TOOK	T O O K |
TOOLS	T O O L S |
TOPIC	T O P I C |
TOWARDS	T O W A R D S |
TOXIC	T O X I C |
TOYS	T O Y S |
TRADITIONAL	T R A D I T I O N A L |
TRAGEDY	T R A G E D Y |
TRAIL	T R A I L |
TRAINED	T R A I N E D |
TRANSFORMATION	T R A N S F O R M A T I O N |
TRANSFORMED	T R A N S F O R M E D |
TRANSLATOR	T R A N S L A T O R |
TRANSPARENT	T R A N S P A R E N T |
TREATED	T R E A T E D |
TREATMENT	T R E A T M E N T |
TRIED	T R I E D |
TROT	T R O T |
TROTTING	T R O T T I N G |
TRUCK	T R U C K |
TRUE	T R U E |
TRULY	T R U L Y |
TRY	T R Y |
TRYING	T R Y I N G |
TT	T T |
TURN	T U R N |
TWO	T W O |
TYPE	T Y P E |
UNBIASED	U N B I A S E D |
UNCONSCIOUSLY	U N C O N S C I O U S L Y |
UNDERSTAND	U N D E R S T A N D |
UNEMPLOYED	U N E M P L O Y E D |
UNIVERSITY	U N I V E R S I T Y |
UNLIMITED	U N L I M I T E D |
UNTIL	U N T I L |
UP	U P |
UPSET	U P S E T |
URBAN	U R B A N |
US	U S |
USE	U S E |
UT	U T |
VALLEY	V A L L E Y |
VAM	V A M |
VARIETY	V A R I E T Y |
VEGETABLE	V E G E T A B L E |
VELOCITY	V E L O C I T Y |
VERSION	V E R S I O N |
VERY	V E R Y |
VICE	V I C E |
VIEW	V I E W |
VIEWED	V I E W E D |
VILLAGES	V I L L A G E S |
VISCOUS	V I S C O U S |
VISION	V I S I O N |
VOLATILE	V O L A T I L E |
VOTING	V O T I N G |
VULNERABLE	V U L N E R A B L E |
WANT	W A N T |
WANTED	W A N T E D |
WANTING	W A N T I N G |
WAR	W A R |
WAS	W A S |
WATCH	W A T C H |
WATCHING	W A T C H I N G |
WATER	W A T E R |
WAY	W A Y |
WAYS	W A Y S |
WE	W E |
WE'LL	W E ' L L |
WE'RE	W E ' R E |
WE'VE	W E ' V E |
WEALTHIEST	W E A L T H I E S T |
WEAPON	W E A P O N |
WEAR	W E A R |
WEEKS	W E E K S |
WELL	W E L L |
WENT	W E N T |
WERE	W E R E |
WEREN'T	W E R E N ' T |
WEST	W E S T |
WHALES	W H A L E S |
WHAT	W H A T |
WHATEVER	W H A T E V E R |
WHEN	W H E N |
WHENEVER	W H E N E V E R |
WHERE	W H E R E |
WHETHER	W H E T H E R |
WHICH	W H I C H |
WHO	W H O |
WHO'VE	W H O ' V E |
WHOEVER	W H O E V E R |
WHOLE	W H O L E |
WHOM	W H O M |
WHOOPI	W H O O P I |
WHY	W H Y |
WIFE	W I F E |
WILL	W I L L |
WIRED	W I R E D |
WISH	W I S H |
WISHES	W I S H E S |
WITH	W I T H |
WITHIN	W I T H I N |
WITHOUT	W I T H O U T |
WOMEN	W O M E N |
WOMEN'S	W O M E N ' S |
WON	W O N |
WON'T	W O N ' T |
WONDERED	W O N D E R E D |
WONDERFULLY	W O N D E R F U L L Y |
WOOD	W O O D |
WORD	W O R D |
WORDS	W O R D S |
WORDSMITHS	W O R D S M I T H S |
WORK	W O R K |
WORKERS	W O R K E R S |
WORKING	W O R K I N G |
WORKS	W O R K S |
WORLD	W O R L D |
WORRIED	W O R R I E D |
WOULD	W O U L D |
WOULDN'T	W O U L D N ' T |
WRITING	W R I T I N G |
WRITTEN	W R I T T E N |
WRONG	W R O N G |
WROTE	W R O T E |
YEARS	Y E A R S |
YES	Y E S |
YET	Y E T |
YOU	Y O U |
YOU'D	Y O U ' D |
YOU'RE	Y O U ' R E |
YOUNG	Y O U N G |
YOUR	Y O U R |
YOURSELF	Y O U R S E L F |
YOUTH	Y O U T H |
